Archive member included to satisfy reference by file (symbol)

//usr/lib/arm-linux-gnueabihf/libc_nonshared.a(elf-init.oS)
                              /usr/lib/gcc/arm-linux-gnueabihf/8/../../../arm-linux-gnueabihf/crt1.o (__libc_csu_init)
//usr/lib/arm-linux-gnueabihf/libc_nonshared.a(stat.oS)
                              obj/file_interface.o (stat)

Allocating common symbols
Common symbol       size              file

system_context      0x2e              obj/initialization.o

Discarded input sections

 .rodata.cst4   0x00000000        0x4 /usr/lib/gcc/arm-linux-gnueabihf/8/../../../arm-linux-gnueabihf/crt1.o
 .ARM.extab     0x00000000        0x0 /usr/lib/gcc/arm-linux-gnueabihf/8/../../../arm-linux-gnueabihf/crt1.o
 .data          0x00000000        0x4 /usr/lib/gcc/arm-linux-gnueabihf/8/../../../arm-linux-gnueabihf/crt1.o
 .bss           0x00000000        0x0 /usr/lib/gcc/arm-linux-gnueabihf/8/../../../arm-linux-gnueabihf/crt1.o
 .note.GNU-stack
                0x00000000        0x0 /usr/lib/gcc/arm-linux-gnueabihf/8/../../../arm-linux-gnueabihf/crt1.o
 .data          0x00000000        0x0 /usr/lib/gcc/arm-linux-gnueabihf/8/../../../arm-linux-gnueabihf/crti.o
 .bss           0x00000000        0x0 /usr/lib/gcc/arm-linux-gnueabihf/8/../../../arm-linux-gnueabihf/crti.o
 .note.GNU-stack
                0x00000000        0x0 /usr/lib/gcc/arm-linux-gnueabihf/8/../../../arm-linux-gnueabihf/crti.o
 .data          0x00000000        0x4 /usr/lib/gcc/arm-linux-gnueabihf/8/crtbegin.o
 .note.GNU-stack
                0x00000000        0x0 /usr/lib/gcc/arm-linux-gnueabihf/8/crtbegin.o
 .data          0x00000000        0x0 obj/main_mqtt_helper.o
 .note.GNU-stack
                0x00000000        0x0 obj/main_mqtt_helper.o
 .bss           0x00000000        0x0 obj/board_RASPBERRYPI.o
 .note.GNU-stack
                0x00000000        0x0 obj/board_RASPBERRYPI.o
 .data          0x00000000        0x0 obj/local_module_status.o
 .bss           0x00000000        0x0 obj/local_module_status.o
 .note.GNU-stack
                0x00000000        0x0 obj/local_module_status.o
 .data          0x00000000        0x0 obj/local_mutex.o
 .bss           0x00000000        0x0 obj/local_mutex.o
 .note.GNU-stack
                0x00000000        0x0 obj/local_mutex.o
 .text          0x00000000       0x1c obj/local_progmem_load.o
 .data          0x00000000        0x0 obj/local_progmem_load.o
 .bss           0x00000000        0x0 obj/local_progmem_load.o
 .comment       0x00000000       0x24 obj/local_progmem_load.o
 .note.GNU-stack
                0x00000000        0x0 obj/local_progmem_load.o
 .ARM.attributes
                0x00000000       0x2f obj/local_progmem_load.o
 .text          0x00000000      0x3f8 obj/local_data_storage_array.o
 .data          0x00000000        0x0 obj/local_data_storage_array.o
 .bss           0x00000000        0x0 obj/local_data_storage_array.o
 .comment       0x00000000       0x24 obj/local_data_storage_array.o
 .note.GNU-stack
                0x00000000        0x0 obj/local_data_storage_array.o
 .ARM.attributes
                0x00000000       0x2f obj/local_data_storage_array.o
 .text          0x00000000      0x284 obj/local_msg_buffer.o
 .data          0x00000000        0x0 obj/local_msg_buffer.o
 .bss           0x00000000        0x0 obj/local_msg_buffer.o
 .comment       0x00000000       0x24 obj/local_msg_buffer.o
 .note.GNU-stack
                0x00000000        0x0 obj/local_msg_buffer.o
 .ARM.attributes
                0x00000000       0x2f obj/local_msg_buffer.o
 .data          0x00000000        0x0 obj/signal_slot_interface.o
 .bss           0x00000000        0x0 obj/signal_slot_interface.o
 .note.GNU-stack
                0x00000000        0x0 obj/signal_slot_interface.o
 .text          0x00000000       0x20 obj/math_module.o
 .data          0x00000000        0x0 obj/math_module.o
 .bss           0x00000000        0x0 obj/math_module.o
 .comment       0x00000000       0x24 obj/math_module.o
 .note.GNU-stack
                0x00000000        0x0 obj/math_module.o
 .ARM.attributes
                0x00000000       0x2f obj/math_module.o
 .data          0x00000000        0x0 obj/common_tools_string.o
 .bss           0x00000000        0x0 obj/common_tools_string.o
 .note.GNU-stack
                0x00000000        0x0 obj/common_tools_string.o
 .data          0x00000000        0x0 obj/qeue_interface.o
 .bss           0x00000000        0x0 obj/qeue_interface.o
 .note.GNU-stack
                0x00000000        0x0 obj/qeue_interface.o
 .text          0x00000000       0x10 obj/specific.o
 .data          0x00000000        0x0 obj/specific.o
 .bss           0x00000000        0x0 obj/specific.o
 .comment       0x00000000       0x24 obj/specific.o
 .note.GNU-stack
                0x00000000        0x0 obj/specific.o
 .ARM.attributes
                0x00000000       0x2f obj/specific.o
 .data          0x00000000        0x0 obj/system_interface.o
 .bss           0x00000000        0x0 obj/system_interface.o
 .note.GNU-stack
                0x00000000        0x0 obj/system_interface.o
 .text          0x00000000      0x3a8 obj/tracer_console.o
 .data          0x00000000        0x0 obj/tracer_console.o
 .bss           0x00000000        0x2 obj/tracer_console.o
 .rodata.str1.1
                0x00000000       0xff obj/tracer_console.o
 .comment       0x00000000       0x24 obj/tracer_console.o
 .note.GNU-stack
                0x00000000        0x0 obj/tracer_console.o
 .ARM.attributes
                0x00000000       0x2f obj/tracer_console.o
 .data          0x00000000        0x0 obj/time_management.o
 .bss           0x00000000        0x0 obj/time_management.o
 .note.GNU-stack
                0x00000000        0x0 obj/time_management.o
 .note.GNU-stack
                0x00000000        0x0 obj/mcu_task_controller.o
 .data          0x00000000        0x0 obj/mcu_idle_task.o
 .bss           0x00000000        0x0 obj/mcu_idle_task.o
 .note.GNU-stack
                0x00000000        0x0 obj/mcu_idle_task.o
 .data          0x00000000        0x0 obj/mqtt_interface.o
 .note.GNU-stack
                0x00000000        0x0 obj/mqtt_interface.o
 .note.GNU-stack
                0x00000000        0x0 obj/mqtt_application.o
 .data          0x00000000        0x0 obj/rtc_driver_raspberrypi.o
 .bss           0x00000000        0x0 obj/rtc_driver_raspberrypi.o
 .note.GNU-stack
                0x00000000        0x0 obj/rtc_driver_raspberrypi.o
 .data          0x00000000        0x0 obj/clock_driver_raspberrypi.o
 .bss           0x00000000        0x0 obj/clock_driver_raspberrypi.o
 .note.GNU-stack
                0x00000000        0x0 obj/clock_driver_raspberrypi.o
 .data          0x00000000        0x0 obj/gpio_driver_raspberrypi.o
 .bss           0x00000000        0x0 obj/gpio_driver_raspberrypi.o
 .note.GNU-stack
                0x00000000        0x0 obj/gpio_driver_raspberrypi.o
 .data          0x00000000        0x0 obj/ui_console.o
 .bss           0x00000000        0x0 obj/ui_console.o
 .note.GNU-stack
                0x00000000        0x0 obj/ui_console.o
 .data          0x00000000        0x0 obj/ui_lcd_16x2.o
 .note.GNU-stack
                0x00000000        0x0 obj/ui_lcd_16x2.o
 .note.GNU-stack
                0x00000000        0x0 obj/cfg_file_parser.o
 .data          0x00000000        0x0 obj/file_interface.o
 .bss           0x00000000        0x0 obj/file_interface.o
 .note.GNU-stack
                0x00000000        0x0 obj/file_interface.o
 .bss           0x00000000        0x0 obj/command_line_argument_table.o
 .note.GNU-stack
                0x00000000        0x0 obj/command_line_argument_table.o
 .data          0x00000000        0x0 obj/command_line_handler.o
 .bss           0x00000000        0x0 obj/command_line_handler.o
 .note.GNU-stack
                0x00000000        0x0 obj/command_line_handler.o
 .data          0x00000000        0x0 obj/sensor_initialization.o
 .bss           0x00000000        0x0 obj/sensor_initialization.o
 .note.GNU-stack
                0x00000000        0x0 obj/sensor_initialization.o
 .data          0x00000000        0x0 obj/button_initialization.o
 .bss           0x00000000        0x0 obj/button_initialization.o
 .note.GNU-stack
                0x00000000        0x0 obj/button_initialization.o
 .data          0x00000000        0x0 obj/output_initialization.o
 .bss           0x00000000        0x0 obj/output_initialization.o
 .note.GNU-stack
                0x00000000        0x0 obj/output_initialization.o
 .data          0x00000000        0x0 obj/protocol_initialization.o
 .bss           0x00000000        0x0 obj/protocol_initialization.o
 .note.GNU-stack
                0x00000000        0x0 obj/protocol_initialization.o
 .data          0x00000000        0x0 obj/command_initialization.o
 .bss           0x00000000        0x0 obj/command_initialization.o
 .note.GNU-stack
                0x00000000        0x0 obj/command_initialization.o
 .data          0x00000000        0x0 obj/task_initialization.o
 .bss           0x00000000        0x0 obj/task_initialization.o
 .note.GNU-stack
                0x00000000        0x0 obj/task_initialization.o
 .data          0x00000000        0x0 obj/system_initialization.o
 .bss           0x00000000        0x0 obj/system_initialization.o
 .note.GNU-stack
                0x00000000        0x0 obj/system_initialization.o
 .data          0x00000000        0x0 obj/power_initialization.o
 .bss           0x00000000        0x0 obj/power_initialization.o
 .note.GNU-stack
                0x00000000        0x0 obj/power_initialization.o
 .data          0x00000000        0x0 obj/initialization.o
 .bss           0x00000000        0x0 obj/initialization.o
 .note.GNU-stack
                0x00000000        0x0 obj/initialization.o
 COMMON         0x00000000       0x2e obj/initialization.o
 .data          0x00000000        0x0 //usr/lib/arm-linux-gnueabihf/libc_nonshared.a(elf-init.oS)
 .bss           0x00000000        0x0 //usr/lib/arm-linux-gnueabihf/libc_nonshared.a(elf-init.oS)
 .note.GNU-stack
                0x00000000        0x0 //usr/lib/arm-linux-gnueabihf/libc_nonshared.a(elf-init.oS)
 .data          0x00000000        0x0 //usr/lib/arm-linux-gnueabihf/libc_nonshared.a(stat.oS)
 .bss           0x00000000        0x0 //usr/lib/arm-linux-gnueabihf/libc_nonshared.a(stat.oS)
 .note.GNU-stack
                0x00000000        0x0 //usr/lib/arm-linux-gnueabihf/libc_nonshared.a(stat.oS)
 .text          0x00000000        0x0 /usr/lib/gcc/arm-linux-gnueabihf/8/crtend.o
 .data          0x00000000        0x0 /usr/lib/gcc/arm-linux-gnueabihf/8/crtend.o
 .bss           0x00000000        0x0 /usr/lib/gcc/arm-linux-gnueabihf/8/crtend.o
 .note.GNU-stack
                0x00000000        0x0 /usr/lib/gcc/arm-linux-gnueabihf/8/crtend.o
 .text          0x00000000        0x0 /usr/lib/gcc/arm-linux-gnueabihf/8/../../../arm-linux-gnueabihf/crtn.o
 .data          0x00000000        0x0 /usr/lib/gcc/arm-linux-gnueabihf/8/../../../arm-linux-gnueabihf/crtn.o
 .bss           0x00000000        0x0 /usr/lib/gcc/arm-linux-gnueabihf/8/../../../arm-linux-gnueabihf/crtn.o
 .note.GNU-stack
                0x00000000        0x0 /usr/lib/gcc/arm-linux-gnueabihf/8/../../../arm-linux-gnueabihf/crtn.o

Memory Configuration

Name             Origin             Length             Attributes
*default*        0x00000000         0xffffffff

Linker script and memory map

LOAD /usr/lib/gcc/arm-linux-gnueabihf/8/../../../arm-linux-gnueabihf/crt1.o
LOAD /usr/lib/gcc/arm-linux-gnueabihf/8/../../../arm-linux-gnueabihf/crti.o
LOAD /usr/lib/gcc/arm-linux-gnueabihf/8/crtbegin.o
LOAD //usr/local/lib/libpaho-mqtt3c.so
LOAD /usr/lib/gcc/arm-linux-gnueabihf/8/../../../arm-linux-gnueabihf/librt.so
LOAD /usr/lib/gcc/arm-linux-gnueabihf/8/../../../libwiringPi.so
LOAD obj/main_mqtt_helper.o
LOAD obj/board_RASPBERRYPI.o
LOAD obj/local_module_status.o
LOAD obj/local_mutex.o
LOAD obj/local_progmem_load.o
LOAD obj/local_data_storage_array.o
LOAD obj/local_msg_buffer.o
LOAD obj/signal_slot_interface.o
LOAD obj/math_module.o
LOAD obj/common_tools_string.o
LOAD obj/qeue_interface.o
LOAD obj/specific.o
LOAD obj/system_interface.o
LOAD obj/tracer_console.o
LOAD obj/time_management.o
LOAD obj/mcu_task_controller.o
LOAD obj/mcu_idle_task.o
LOAD obj/mqtt_interface.o
LOAD obj/mqtt_application.o
LOAD obj/rtc_driver_raspberrypi.o
LOAD obj/clock_driver_raspberrypi.o
LOAD obj/gpio_driver_raspberrypi.o
LOAD obj/ui_console.o
LOAD obj/ui_lcd_16x2.o
LOAD obj/cfg_file_parser.o
LOAD obj/file_interface.o
LOAD obj/command_line_argument_table.o
LOAD obj/command_line_handler.o
LOAD obj/sensor_initialization.o
LOAD obj/button_initialization.o
LOAD obj/output_initialization.o
LOAD obj/protocol_initialization.o
LOAD obj/command_initialization.o
LOAD obj/task_initialization.o
LOAD obj/system_initialization.o
LOAD obj/power_initialization.o
LOAD obj/initialization.o
LOAD /usr/lib/gcc/arm-linux-gnueabihf/8/libgcc.a
LOAD /usr/lib/gcc/arm-linux-gnueabihf/8/libgcc_s.so
START GROUP
LOAD /usr/lib/gcc/arm-linux-gnueabihf/8/libgcc_s.so.1
LOAD /usr/lib/gcc/arm-linux-gnueabihf/8/libgcc.a
END GROUP
LOAD /usr/lib/gcc/arm-linux-gnueabihf/8/../../../arm-linux-gnueabihf/libc.so
START GROUP
LOAD //lib/arm-linux-gnueabihf/libc.so.6
LOAD //usr/lib/arm-linux-gnueabihf/libc_nonshared.a
LOAD //lib/arm-linux-gnueabihf/ld-linux-armhf.so.3
END GROUP
LOAD /usr/lib/gcc/arm-linux-gnueabihf/8/libgcc.a
LOAD /usr/lib/gcc/arm-linux-gnueabihf/8/libgcc_s.so
START GROUP
LOAD /usr/lib/gcc/arm-linux-gnueabihf/8/libgcc_s.so.1
LOAD /usr/lib/gcc/arm-linux-gnueabihf/8/libgcc.a
END GROUP
LOAD /usr/lib/gcc/arm-linux-gnueabihf/8/crtend.o
LOAD /usr/lib/gcc/arm-linux-gnueabihf/8/../../../arm-linux-gnueabihf/crtn.o
                [!provide]                PROVIDE (__executable_start = SEGMENT_START ("text-segment", 0x10000))
                0x00010154                . = (SEGMENT_START ("text-segment", 0x10000) + SIZEOF_HEADERS)

.interp         0x00010154       0x19
 *(.interp)
 .interp        0x00010154       0x19 /usr/lib/gcc/arm-linux-gnueabihf/8/../../../arm-linux-gnueabihf/crt1.o

.note.ABI-tag   0x00010170       0x20
 .note.ABI-tag  0x00010170       0x20 /usr/lib/gcc/arm-linux-gnueabihf/8/../../../arm-linux-gnueabihf/crt1.o

.note.gnu.build-id
                0x00010190       0x24
 *(.note.gnu.build-id)
 .note.gnu.build-id
                0x00010190       0x24 linker stubs

.hash
 *(.hash)

.gnu.hash       0x000101b4      0x170
 *(.gnu.hash)
 .gnu.hash      0x000101b4      0x170 /usr/lib/gcc/arm-linux-gnueabihf/8/../../../arm-linux-gnueabihf/crt1.o

.dynsym         0x00010324      0x2f0
 *(.dynsym)
 .dynsym        0x00010324      0x2f0 /usr/lib/gcc/arm-linux-gnueabihf/8/../../../arm-linux-gnueabihf/crt1.o

.dynstr         0x00010614      0x28b
 *(.dynstr)
 .dynstr        0x00010614      0x28b /usr/lib/gcc/arm-linux-gnueabihf/8/../../../arm-linux-gnueabihf/crt1.o

.gnu.version    0x000108a0       0x5e
 *(.gnu.version)
 .gnu.version   0x000108a0       0x5e /usr/lib/gcc/arm-linux-gnueabihf/8/../../../arm-linux-gnueabihf/crt1.o

.gnu.version_d  0x00010900        0x0
 *(.gnu.version_d)
 .gnu.version_d
                0x00010900        0x0 /usr/lib/gcc/arm-linux-gnueabihf/8/../../../arm-linux-gnueabihf/crt1.o

.gnu.version_r  0x00010900       0x40
 *(.gnu.version_r)
 .gnu.version_r
                0x00010900       0x40 /usr/lib/gcc/arm-linux-gnueabihf/8/../../../arm-linux-gnueabihf/crt1.o

.rel.dyn        0x00010940        0x8
 *(.rel.init)
 *(.rel.text .rel.text.* .rel.gnu.linkonce.t.*)
 *(.rel.fini)
 *(.rel.rodata .rel.rodata.* .rel.gnu.linkonce.r.*)
 *(.rel.data.rel.ro .rel.data.rel.ro.* .rel.gnu.linkonce.d.rel.ro.*)
 .rel.data.rel.ro
                0x00010940        0x0 /usr/lib/gcc/arm-linux-gnueabihf/8/../../../arm-linux-gnueabihf/crt1.o
 *(.rel.data .rel.data.* .rel.gnu.linkonce.d.*)
 *(.rel.tdata .rel.tdata.* .rel.gnu.linkonce.td.*)
 *(.rel.tbss .rel.tbss.* .rel.gnu.linkonce.tb.*)
 *(.rel.ctors)
 *(.rel.dtors)
 *(.rel.got)
 .rel.got       0x00010940        0x8 /usr/lib/gcc/arm-linux-gnueabihf/8/../../../arm-linux-gnueabihf/crt1.o
 *(.rel.bss .rel.bss.* .rel.gnu.linkonce.b.*)
 .rel.bss       0x00010948        0x0 /usr/lib/gcc/arm-linux-gnueabihf/8/../../../arm-linux-gnueabihf/crt1.o
                [!provide]                PROVIDE (__rel_iplt_start = .)
 *(.rel.iplt)
 .rel.iplt      0x00010948        0x0 /usr/lib/gcc/arm-linux-gnueabihf/8/../../../arm-linux-gnueabihf/crt1.o
                [!provide]                PROVIDE (__rel_iplt_end = .)

.rela.dyn       0x00010948        0x0
 *(.rela.init)
 *(.rela.text .rela.text.* .rela.gnu.linkonce.t.*)
 *(.rela.fini)
 *(.rela.rodata .rela.rodata.* .rela.gnu.linkonce.r.*)
 *(.rela.data .rela.data.* .rela.gnu.linkonce.d.*)
 *(.rela.tdata .rela.tdata.* .rela.gnu.linkonce.td.*)
 *(.rela.tbss .rela.tbss.* .rela.gnu.linkonce.tb.*)
 *(.rela.ctors)
 *(.rela.dtors)
 *(.rela.got)
 *(.rela.bss .rela.bss.* .rela.gnu.linkonce.b.*)
                [!provide]                PROVIDE (__rela_iplt_start = .)
 *(.rela.iplt)
                [!provide]                PROVIDE (__rela_iplt_end = .)

.rel.plt        0x00010948      0x128
 *(.rel.plt)
 .rel.plt       0x00010948      0x128 /usr/lib/gcc/arm-linux-gnueabihf/8/../../../arm-linux-gnueabihf/crt1.o

.rela.plt
 *(.rela.plt)

.init           0x00010a70        0xc
 *(SORT_NONE(.init))
 .init          0x00010a70        0x8 /usr/lib/gcc/arm-linux-gnueabihf/8/../../../arm-linux-gnueabihf/crti.o
                0x00010a70                _init
 .init          0x00010a78        0x4 /usr/lib/gcc/arm-linux-gnueabihf/8/../../../arm-linux-gnueabihf/crtn.o

.plt            0x00010a7c      0x1d0
 *(.plt)
 .plt           0x00010a7c      0x1d0 /usr/lib/gcc/arm-linux-gnueabihf/8/../../../arm-linux-gnueabihf/crt1.o
                0x00010a90                MQTTClient_subscribe
                0x00010a9c                printf@@GLIBC_2.4
                0x00010aa8                fopen@@GLIBC_2.4
                0x00010ab4                digitalRead
                0x00010ac0                memmove@@GLIBC_2.4
                0x00010acc                MQTTClient_disconnect
                0x00010ad8                memcpy@@GLIBC_2.4
                0x00010ae4                digitalWrite
                0x00010af0                MQTTClient_setCallbacks
                0x00010afc                MQTTClient_publishMessage
                0x00010b08                memcmp@@GLIBC_2.4
                0x00010b14                MQTTClient_connect
                0x00010b20                MQTTClient_yield
                0x00010b2c                MQTTClient_unsubscribe
                0x00010b38                __xstat@@GLIBC_2.4
                0x00010b44                usleep@@GLIBC_2.4
                0x00010b50                puts@@GLIBC_2.4
                0x00010b5c                MQTTClient_free
                0x00010b68                MQTTClient_waitForCompletion
                0x00010b74                __libc_start_main@@GLIBC_2.4
                0x00010b8c                rename@@GLIBC_2.4
                0x00010b98                __ctype_b_loc@@GLIBC_2.4
                0x00010ba4                strlen@@GLIBC_2.4
                0x00010bb0                MQTTClient_create
                0x00010bbc                fprintf@@GLIBC_2.4
                0x00010bc8                memset@@GLIBC_2.4
                0x00010bd4                putchar@@GLIBC_2.4
                0x00010be0                pinMode
                0x00010bec                wiringPiSetup
                0x00010bf8                pullUpDnControl
                0x00010c04                fclose@@GLIBC_2.4
                0x00010c10                remove@@GLIBC_2.4
                0x00010c1c                clock_gettime@@GLIBC_2.4
                0x00010c28                MQTTClient_freeMessage
                0x00010c34                abort@@GLIBC_2.4
                0x00010c40                getc@@GLIBC_2.4

.iplt           0x00010c4c        0x0
 *(.iplt)
 .iplt          0x00010c4c        0x0 /usr/lib/gcc/arm-linux-gnueabihf/8/../../../arm-linux-gnueabihf/crt1.o

.text           0x00010c50     0x4ec0
 *(.text.unlikely .text.*_unlikely .text.unlikely.*)
 *(.text.exit .text.exit.*)
 *(.text.startup .text.startup.*)
 .text.startup  0x00010c50       0xec obj/main_mqtt_helper.o
                0x00010c50                main
 *(.text.hot .text.hot.*)
 *(.text .stub .text.* .gnu.linkonce.t.*)
 .text          0x00010d3c       0x3c /usr/lib/gcc/arm-linux-gnueabihf/8/../../../arm-linux-gnueabihf/crt1.o
                0x00010d3c                _start
 .text          0x00010d78       0x24 /usr/lib/gcc/arm-linux-gnueabihf/8/../../../arm-linux-gnueabihf/crti.o
 .text          0x00010d9c       0x90 /usr/lib/gcc/arm-linux-gnueabihf/8/crtbegin.o
 .text          0x00010e2c      0x2e0 obj/main_mqtt_helper.o
                0x00011034                MAIN_MQTT_CONNECTION_ESTABLISHED_SLOT_connect
                0x0001104c                MAIN_MQTT_CONNECTION_LOST_SLOT_connect
                0x00011064                MAIN_MQTT_MESSAGE_RECEIVED_SLOT_connect
                0x0001107c                MAIN_MQTT_MESSAGE_SEND_SUCCEED_SLOT_connect
                0x00011094                MAIN_CLI_HELP_REQUESTED_SLOT_connect
                0x000110ac                MAIN_CLI_INVALID_PARAMETER_SLOT_connect
                0x000110c4                MAIN_CLI_LCD_ACTIVATED_SLOT_connect
                0x000110dc                MAIN_CLI_MESSAGE_SLOT_connect
                0x000110f4                MAIN_CFG_OBJECT_RECEIVED_SLOT_connect
 .text          0x0001110c     0x2128 obj/board_RASPBERRYPI.o
                0x0001110c                I2C_SDA_drive_high
                0x00011134                I2C_SDA_drive_low
                0x0001115c                I2C_SDA_no_drive
                0x00011184                I2C_SDA_toggle_level
                0x00011190                I2C_SDA_pull_up
                0x000111b8                I2C_SDA_pull_down
                0x000111e0                I2C_SDA_no_pull
                0x000111e4                I2C_SDA_is_high_level
                0x00011204                I2C_SDA_is_low_level
                0x00011220                I2C_SDA_print_state
                0x0001122c                I2C_SCL_drive_high
                0x00011254                I2C_SCL_drive_low
                0x0001127c                I2C_SCL_no_drive
                0x000112a4                I2C_SCL_toggle_level
                0x000112b0                I2C_SCL_pull_up
                0x000112d8                I2C_SCL_pull_down
                0x00011300                I2C_SCL_no_pull
                0x00011304                I2C_SCL_is_high_level
                0x00011324                I2C_SCL_is_low_level
                0x00011340                I2C_SCL_print_state
                0x0001134c                GPIO04_drive_high
                0x00011374                GPIO04_drive_low
                0x0001139c                GPIO04_no_drive
                0x000113c4                GPIO04_toggle_level
                0x000113d0                GPIO04_pull_up
                0x000113f8                GPIO04_pull_down
                0x00011420                GPIO04_no_pull
                0x00011424                GPIO04_is_high_level
                0x00011444                GPIO04_is_low_level
                0x00011460                GPIO04_print_state
                0x0001146c                UART_TXD_drive_high
                0x00011494                UART_TXD_drive_low
                0x000114bc                UART_TXD_no_drive
                0x000114e4                UART_TXD_toggle_level
                0x000114f0                UART_TXD_pull_up
                0x00011518                UART_TXD_pull_down
                0x00011540                UART_TXD_no_pull
                0x00011544                UART_TXD_is_high_level
                0x00011564                UART_TXD_is_low_level
                0x00011580                UART_TXD_print_state
                0x0001158c                UART_RXD_drive_high
                0x000115b4                UART_RXD_drive_low
                0x000115dc                UART_RXD_no_drive
                0x00011604                UART_RXD_toggle_level
                0x00011610                UART_RXD_pull_up
                0x00011638                UART_RXD_pull_down
                0x00011660                UART_RXD_no_pull
                0x00011664                UART_RXD_is_high_level
                0x00011684                UART_RXD_is_low_level
                0x000116a0                UART_RXD_print_state
                0x000116ac                GPIO17_drive_high
                0x000116d4                GPIO17_drive_low
                0x000116fc                GPIO17_no_drive
                0x00011724                GPIO17_toggle_level
                0x00011730                GPIO17_pull_up
                0x00011758                GPIO17_pull_down
                0x00011780                GPIO17_no_pull
                0x00011784                GPIO17_is_high_level
                0x000117a4                GPIO17_is_low_level
                0x000117c0                GPIO17_print_state
                0x000117cc                GPIO18_drive_high
                0x000117f4                GPIO18_drive_low
                0x0001181c                GPIO18_no_drive
                0x00011844                GPIO18_toggle_level
                0x00011850                GPIO18_pull_up
                0x00011878                GPIO18_pull_down
                0x000118a0                GPIO18_no_pull
                0x000118a4                GPIO18_is_high_level
                0x000118c4                GPIO18_is_low_level
                0x000118e0                GPIO18_print_state
                0x000118ec                GPIO27_drive_high
                0x00011914                GPIO27_drive_low
                0x0001193c                GPIO27_no_drive
                0x00011964                GPIO27_toggle_level
                0x00011970                GPIO27_pull_up
                0x00011998                GPIO27_pull_down
                0x000119c0                GPIO27_no_pull
                0x000119c4                GPIO27_is_high_level
                0x000119e4                GPIO27_is_low_level
                0x00011a00                GPIO27_print_state
                0x00011a0c                GPIO22_drive_high
                0x00011a34                GPIO22_drive_low
                0x00011a5c                GPIO22_no_drive
                0x00011a84                GPIO22_toggle_level
                0x00011a90                GPIO22_pull_up
                0x00011ab8                GPIO22_pull_down
                0x00011ae0                GPIO22_no_pull
                0x00011ae4                GPIO22_is_high_level
                0x00011b04                GPIO22_is_low_level
                0x00011b20                GPIO22_print_state
                0x00011b2c                GPIO23_drive_high
                0x00011b54                GPIO23_drive_low
                0x00011b7c                GPIO23_no_drive
                0x00011ba4                GPIO23_toggle_level
                0x00011bb0                GPIO23_pull_up
                0x00011bd8                GPIO23_pull_down
                0x00011c00                GPIO23_no_pull
                0x00011c04                GPIO23_is_high_level
                0x00011c24                GPIO23_is_low_level
                0x00011c40                GPIO23_print_state
                0x00011c4c                GPIO24_drive_high
                0x00011c74                GPIO24_drive_low
                0x00011c9c                GPIO24_no_drive
                0x00011cc4                GPIO24_toggle_level
                0x00011cd0                GPIO24_pull_up
                0x00011cf8                GPIO24_pull_down
                0x00011d20                GPIO24_no_pull
                0x00011d24                GPIO24_is_high_level
                0x00011d44                GPIO24_is_low_level
                0x00011d60                GPIO24_print_state
                0x00011d6c                SPI_MOSI_drive_high
                0x00011d94                SPI_MOSI_drive_low
                0x00011dbc                SPI_MOSI_no_drive
                0x00011de4                SPI_MOSI_toggle_level
                0x00011df0                SPI_MOSI_pull_up
                0x00011e18                SPI_MOSI_pull_down
                0x00011e40                SPI_MOSI_no_pull
                0x00011e44                SPI_MOSI_is_high_level
                0x00011e64                SPI_MOSI_is_low_level
                0x00011e80                SPI_MOSI_print_state
                0x00011e8c                SPI_MISO_drive_high
                0x00011eb4                SPI_MISO_drive_low
                0x00011edc                SPI_MISO_no_drive
                0x00011f04                SPI_MISO_toggle_level
                0x00011f10                SPI_MISO_pull_up
                0x00011f38                SPI_MISO_pull_down
                0x00011f60                SPI_MISO_no_pull
                0x00011f64                SPI_MISO_is_high_level
                0x00011f84                SPI_MISO_is_low_level
                0x00011fa0                SPI_MISO_print_state
                0x00011fac                GPIO25_drive_high
                0x00011fd4                GPIO25_drive_low
                0x00011ffc                GPIO25_no_drive
                0x00012024                GPIO25_toggle_level
                0x00012030                GPIO25_pull_up
                0x00012058                GPIO25_pull_down
                0x00012080                GPIO25_no_pull
                0x00012084                GPIO25_is_high_level
                0x000120a4                GPIO25_is_low_level
                0x000120c0                GPIO25_print_state
                0x000120cc                SPI_SCLK_drive_high
                0x000120f4                SPI_SCLK_drive_low
                0x0001211c                SPI_SCLK_no_drive
                0x00012144                SPI_SCLK_toggle_level
                0x00012150                SPI_SCLK_pull_up
                0x00012178                SPI_SCLK_pull_down
                0x000121a0                SPI_SCLK_no_pull
                0x000121a4                SPI_SCLK_is_high_level
                0x000121c4                SPI_SCLK_is_low_level
                0x000121e0                SPI_SCLK_print_state
                0x000121ec                SPI_CE0_drive_high
                0x00012214                SPI_CE0_drive_low
                0x0001223c                SPI_CE0_no_drive
                0x00012264                SPI_CE0_toggle_level
                0x00012270                SPI_CE0_pull_up
                0x00012298                SPI_CE0_pull_down
                0x000122c0                SPI_CE0_no_pull
                0x000122c4                SPI_CE0_is_high_level
                0x000122e4                SPI_CE0_is_low_level
                0x00012300                SPI_CE0_print_state
                0x0001230c                SPI_CE1_drive_high
                0x00012334                SPI_CE1_drive_low
                0x0001235c                SPI_CE1_no_drive
                0x00012384                SPI_CE1_toggle_level
                0x00012390                SPI_CE1_pull_up
                0x000123b8                SPI_CE1_pull_down
                0x000123e0                SPI_CE1_no_pull
                0x000123e4                SPI_CE1_is_high_level
                0x00012404                SPI_CE1_is_low_level
                0x00012420                SPI_CE1_print_state
                0x0001242c                GPIO05_drive_high
                0x00012454                GPIO05_drive_low
                0x0001247c                GPIO05_no_drive
                0x000124a4                GPIO05_toggle_level
                0x000124b0                GPIO05_pull_up
                0x000124d8                GPIO05_pull_down
                0x00012500                GPIO05_no_pull
                0x00012504                GPIO05_is_high_level
                0x00012524                GPIO05_is_low_level
                0x00012540                GPIO05_print_state
                0x0001254c                GPIO06_drive_high
                0x00012574                GPIO06_drive_low
                0x0001259c                GPIO06_no_drive
                0x000125c4                GPIO06_toggle_level
                0x000125d0                GPIO06_pull_up
                0x000125f8                GPIO06_pull_down
                0x00012620                GPIO06_no_pull
                0x00012624                GPIO06_is_high_level
                0x00012644                GPIO06_is_low_level
                0x00012660                GPIO06_print_state
                0x0001266c                GPIO12_drive_high
                0x00012694                GPIO12_drive_low
                0x000126bc                GPIO12_no_drive
                0x000126e4                GPIO12_toggle_level
                0x000126f0                GPIO12_pull_up
                0x00012718                GPIO12_pull_down
                0x00012740                GPIO12_no_pull
                0x00012744                GPIO12_is_high_level
                0x00012764                GPIO12_is_low_level
                0x00012780                GPIO12_print_state
                0x0001278c                GPIO13_drive_high
                0x000127b4                GPIO13_drive_low
                0x000127dc                GPIO13_no_drive
                0x00012804                GPIO13_toggle_level
                0x00012810                GPIO13_pull_up
                0x00012838                GPIO13_pull_down
                0x00012860                GPIO13_no_pull
                0x00012864                GPIO13_is_high_level
                0x00012884                GPIO13_is_low_level
                0x000128a0                GPIO13_print_state
                0x000128ac                GPIO19_drive_high
                0x000128d4                GPIO19_drive_low
                0x000128fc                GPIO19_no_drive
                0x00012924                GPIO19_toggle_level
                0x00012930                GPIO19_pull_up
                0x00012958                GPIO19_pull_down
                0x00012980                GPIO19_no_pull
                0x00012984                GPIO19_is_high_level
                0x000129a4                GPIO19_is_low_level
                0x000129c0                GPIO19_print_state
                0x000129cc                GPIO16_drive_high
                0x000129f4                GPIO16_drive_low
                0x00012a1c                GPIO16_no_drive
                0x00012a44                GPIO16_toggle_level
                0x00012a50                GPIO16_pull_up
                0x00012a78                GPIO16_pull_down
                0x00012aa0                GPIO16_no_pull
                0x00012aa4                GPIO16_is_high_level
                0x00012ac4                GPIO16_is_low_level
                0x00012ae0                GPIO16_print_state
                0x00012aec                GPIO26_drive_high
                0x00012b14                GPIO26_drive_low
                0x00012b3c                GPIO26_no_drive
                0x00012b64                GPIO26_toggle_level
                0x00012b70                GPIO26_pull_up
                0x00012b98                GPIO26_pull_down
                0x00012bc0                GPIO26_no_pull
                0x00012bc4                GPIO26_is_high_level
                0x00012be4                GPIO26_is_low_level
                0x00012c00                GPIO26_print_state
                0x00012c0c                GPIO20_drive_high
                0x00012c34                GPIO20_drive_low
                0x00012c5c                GPIO20_no_drive
                0x00012c84                GPIO20_toggle_level
                0x00012c90                GPIO20_pull_up
                0x00012cb8                GPIO20_pull_down
                0x00012ce0                GPIO20_no_pull
                0x00012ce4                GPIO20_is_high_level
                0x00012d04                GPIO20_is_low_level
                0x00012d20                GPIO20_print_state
                0x00012d2c                GPIO21_drive_high
                0x00012d54                GPIO21_drive_low
                0x00012d7c                GPIO21_no_drive
                0x00012da4                GPIO21_toggle_level
                0x00012db0                GPIO21_pull_up
                0x00012dd8                GPIO21_pull_down
                0x00012e00                GPIO21_no_pull
                0x00012e04                GPIO21_is_high_level
                0x00012e24                GPIO21_is_low_level
                0x00012e40                GPIO21_print_state
                0x00012e4c                GPIO_07_drive_high
                0x00012e50                GPIO_07_drive_low
                0x00012e54                GPIO_07_no_drive
                0x00012e58                GPIO_07_toggle_level
                0x00012e5c                GPIO_07_pull_up
                0x00012e60                GPIO_07_pull_down
                0x00012e64                GPIO_07_no_pull
                0x00012e68                GPIO_07_is_high_level
                0x00012e6c                GPIO_07_is_low_level
                0x00012e70                GPIO_07_print_state
                0x00012e74                GPIO_00_drive_high
                0x00012e78                GPIO_00_drive_low
                0x00012e7c                GPIO_00_no_drive
                0x00012e80                GPIO_00_toggle_level
                0x00012e84                GPIO_00_pull_up
                0x00012e88                GPIO_00_pull_down
                0x00012e8c                GPIO_00_no_pull
                0x00012e90                GPIO_00_is_high_level
                0x00012e94                GPIO_00_is_low_level
                0x00012e98                GPIO_00_print_state
                0x00012e9c                GPIO_01_drive_high
                0x00012ea0                GPIO_01_drive_low
                0x00012ea4                GPIO_01_no_drive
                0x00012ea8                GPIO_01_toggle_level
                0x00012eac                GPIO_01_pull_up
                0x00012eb0                GPIO_01_pull_down
                0x00012eb4                GPIO_01_no_pull
                0x00012eb8                GPIO_01_is_high_level
                0x00012ebc                GPIO_01_is_low_level
                0x00012ec0                GPIO_01_print_state
                0x00012ec4                GPIO_02_drive_high
                0x00012ec8                GPIO_02_drive_low
                0x00012ecc                GPIO_02_no_drive
                0x00012ed0                GPIO_02_toggle_level
                0x00012ed4                GPIO_02_pull_up
                0x00012ed8                GPIO_02_pull_down
                0x00012edc                GPIO_02_no_pull
                0x00012ee0                GPIO_02_is_high_level
                0x00012ee4                GPIO_02_is_low_level
                0x00012ee8                GPIO_02_print_state
                0x00012eec                GPIO_03_drive_high
                0x00012ef0                GPIO_03_drive_low
                0x00012ef4                GPIO_03_no_drive
                0x00012ef8                GPIO_03_toggle_level
                0x00012efc                GPIO_03_pull_up
                0x00012f00                GPIO_03_pull_down
                0x00012f04                GPIO_03_no_pull
                0x00012f08                GPIO_03_is_high_level
                0x00012f0c                GPIO_03_is_low_level
                0x00012f10                GPIO_03_print_state
                0x00012f14                GPIO_04_drive_high
                0x00012f18                GPIO_04_drive_low
                0x00012f1c                GPIO_04_no_drive
                0x00012f20                GPIO_04_toggle_level
                0x00012f24                GPIO_04_pull_up
                0x00012f28                GPIO_04_pull_down
                0x00012f2c                GPIO_04_no_pull
                0x00012f30                GPIO_04_is_high_level
                0x00012f34                GPIO_04_is_low_level
                0x00012f38                GPIO_04_print_state
                0x00012f3c                GPIO_05_drive_high
                0x00012f40                GPIO_05_drive_low
                0x00012f44                GPIO_05_no_drive
                0x00012f48                GPIO_05_toggle_level
                0x00012f4c                GPIO_05_pull_up
                0x00012f50                GPIO_05_pull_down
                0x00012f54                GPIO_05_no_pull
                0x00012f58                GPIO_05_is_high_level
                0x00012f5c                GPIO_05_is_low_level
                0x00012f60                GPIO_05_print_state
                0x00012f64                GPIO_06_drive_high
                0x00012f68                GPIO_06_drive_low
                0x00012f6c                GPIO_06_no_drive
                0x00012f70                GPIO_06_toggle_level
                0x00012f74                GPIO_06_pull_up
                0x00012f78                GPIO_06_pull_down
                0x00012f7c                GPIO_06_no_pull
                0x00012f80                GPIO_06_is_high_level
                0x00012f84                GPIO_06_is_low_level
                0x00012f88                GPIO_06_print_state
                0x00012f8c                GPIO_21_drive_high
                0x00012f90                GPIO_21_drive_low
                0x00012f94                GPIO_21_no_drive
                0x00012f98                GPIO_21_toggle_level
                0x00012f9c                GPIO_21_pull_up
                0x00012fa0                GPIO_21_pull_down
                0x00012fa4                GPIO_21_no_pull
                0x00012fa8                GPIO_21_is_high_level
                0x00012fac                GPIO_21_is_low_level
                0x00012fb0                GPIO_21_print_state
                0x00012fb4                GPIO_22_drive_high
                0x00012fb8                GPIO_22_drive_low
                0x00012fbc                GPIO_22_no_drive
                0x00012fc0                GPIO_22_toggle_level
                0x00012fc4                GPIO_22_pull_up
                0x00012fc8                GPIO_22_pull_down
                0x00012fcc                GPIO_22_no_pull
                0x00012fd0                GPIO_22_is_high_level
                0x00012fd4                GPIO_22_is_low_level
                0x00012fd8                GPIO_22_print_state
                0x00012fdc                GPIO_26_drive_high
                0x00012fe0                GPIO_26_drive_low
                0x00012fe4                GPIO_26_no_drive
                0x00012fe8                GPIO_26_toggle_level
                0x00012fec                GPIO_26_pull_up
                0x00012ff0                GPIO_26_pull_down
                0x00012ff4                GPIO_26_no_pull
                0x00012ff8                GPIO_26_is_high_level
                0x00012ffc                GPIO_26_is_low_level
                0x00013000                GPIO_26_print_state
                0x00013004                GPIO_23_drive_high
                0x00013008                GPIO_23_drive_low
                0x0001300c                GPIO_23_no_drive
                0x00013010                GPIO_23_toggle_level
                0x00013014                GPIO_23_pull_up
                0x00013018                GPIO_23_pull_down
                0x0001301c                GPIO_23_no_pull
                0x00013020                GPIO_23_is_high_level
                0x00013024                GPIO_23_is_low_level
                0x00013028                GPIO_23_print_state
                0x0001302c                GPIO_24_drive_high
                0x00013030                GPIO_24_drive_low
                0x00013034                GPIO_24_no_drive
                0x00013038                GPIO_24_toggle_level
                0x0001303c                GPIO_24_pull_up
                0x00013040                GPIO_24_pull_down
                0x00013044                GPIO_24_no_pull
                0x00013048                GPIO_24_is_high_level
                0x0001304c                GPIO_24_is_low_level
                0x00013050                GPIO_24_print_state
                0x00013054                GPIO_27_drive_high
                0x00013058                GPIO_27_drive_low
                0x0001305c                GPIO_27_no_drive
                0x00013060                GPIO_27_toggle_level
                0x00013064                GPIO_27_pull_up
                0x00013068                GPIO_27_pull_down
                0x0001306c                GPIO_27_no_pull
                0x00013070                GPIO_27_is_high_level
                0x00013074                GPIO_27_is_low_level
                0x00013078                GPIO_27_print_state
                0x0001307c                GPIO_25_drive_high
                0x00013080                GPIO_25_drive_low
                0x00013084                GPIO_25_no_drive
                0x00013088                GPIO_25_toggle_level
                0x0001308c                GPIO_25_pull_up
                0x00013090                GPIO_25_pull_down
                0x00013094                GPIO_25_no_pull
                0x00013098                GPIO_25_is_high_level
                0x0001309c                GPIO_25_is_low_level
                0x000130a0                GPIO_25_print_state
                0x000130a4                GPIO_28_drive_high
                0x000130a8                GPIO_28_drive_low
                0x000130ac                GPIO_28_no_drive
                0x000130b0                GPIO_28_toggle_level
                0x000130b4                GPIO_28_pull_up
                0x000130b8                GPIO_28_pull_down
                0x000130bc                GPIO_28_no_pull
                0x000130c0                GPIO_28_is_high_level
                0x000130c4                GPIO_28_is_low_level
                0x000130c8                GPIO_28_print_state
                0x000130cc                GPIO_29_drive_high
                0x000130d0                GPIO_29_drive_low
                0x000130d4                GPIO_29_no_drive
                0x000130d8                GPIO_29_toggle_level
                0x000130dc                GPIO_29_pull_up
                0x000130e0                GPIO_29_pull_down
                0x000130e4                GPIO_29_no_pull
                0x000130e8                GPIO_29_is_high_level
                0x000130ec                GPIO_29_is_low_level
                0x000130f0                GPIO_29_print_state
                0x000130f4                REQUEST_CLIENT_drive_high
                0x000130f8                REQUEST_CLIENT_drive_low
                0x000130fc                REQUEST_CLIENT_no_drive
                0x00013100                REQUEST_CLIENT_toggle_level
                0x00013104                REQUEST_CLIENT_pull_up
                0x00013108                REQUEST_CLIENT_pull_down
                0x0001310c                REQUEST_CLIENT_no_pull
                0x00013110                REQUEST_CLIENT_is_high_level
                0x00013114                REQUEST_CLIENT_is_low_level
                0x00013118                REQUEST_CLIENT_print_state
                0x0001311c                SPI0_CS_drive_high
                0x00013120                SPI0_CS_drive_low
                0x00013124                SPI0_CS_no_drive
                0x00013128                SPI0_CS_toggle_level
                0x0001312c                SPI0_CS_pull_up
                0x00013130                SPI0_CS_pull_down
                0x00013134                SPI0_CS_no_pull
                0x00013138                SPI0_CS_is_high_level
                0x0001313c                SPI0_CS_is_low_level
                0x00013140                SPI0_CS_print_state
                0x00013144                LCD_RS_drive_high
                0x00013148                LCD_RS_drive_low
                0x0001314c                LCD_RS_no_drive
                0x00013150                LCD_RS_toggle_level
                0x00013154                LCD_RS_pull_up
                0x00013158                LCD_RS_pull_down
                0x0001315c                LCD_RS_no_pull
                0x00013160                LCD_RS_is_high_level
                0x00013164                LCD_RS_is_low_level
                0x00013168                LCD_RS_print_state
                0x0001316c                LCD_EN_drive_high
                0x00013170                LCD_EN_drive_low
                0x00013174                LCD_EN_no_drive
                0x00013178                LCD_EN_toggle_level
                0x0001317c                LCD_EN_pull_up
                0x00013180                LCD_EN_pull_down
                0x00013184                LCD_EN_no_pull
                0x00013188                LCD_EN_is_high_level
                0x0001318c                LCD_EN_is_low_level
                0x00013190                LCD_EN_print_state
                0x00013194                LCD_D4_drive_high
                0x00013198                LCD_D4_drive_low
                0x0001319c                LCD_D4_no_drive
                0x000131a0                LCD_D4_toggle_level
                0x000131a4                LCD_D4_pull_up
                0x000131a8                LCD_D4_pull_down
                0x000131ac                LCD_D4_no_pull
                0x000131b0                LCD_D4_is_high_level
                0x000131b4                LCD_D4_is_low_level
                0x000131b8                LCD_D4_print_state
                0x000131bc                LCD_D5_drive_high
                0x000131c0                LCD_D5_drive_low
                0x000131c4                LCD_D5_no_drive
                0x000131c8                LCD_D5_toggle_level
                0x000131cc                LCD_D5_pull_up
                0x000131d0                LCD_D5_pull_down
                0x000131d4                LCD_D5_no_pull
                0x000131d8                LCD_D5_is_high_level
                0x000131dc                LCD_D5_is_low_level
                0x000131e0                LCD_D5_print_state
                0x000131e4                LCD_D6_drive_high
                0x000131e8                LCD_D6_drive_low
                0x000131ec                LCD_D6_no_drive
                0x000131f0                LCD_D6_toggle_level
                0x000131f4                LCD_D6_pull_up
                0x000131f8                LCD_D6_pull_down
                0x000131fc                LCD_D6_no_pull
                0x00013200                LCD_D6_is_high_level
                0x00013204                LCD_D6_is_low_level
                0x00013208                LCD_D6_print_state
                0x0001320c                LCD_D7_drive_high
                0x00013210                LCD_D7_drive_low
                0x00013214                LCD_D7_no_drive
                0x00013218                LCD_D7_toggle_level
                0x0001321c                LCD_D7_pull_up
                0x00013220                LCD_D7_pull_down
                0x00013224                LCD_D7_no_pull
                0x00013228                LCD_D7_is_high_level
                0x0001322c                LCD_D7_is_low_level
                0x00013230                LCD_D7_print_state
 .text          0x00013234       0xc0 obj/local_module_status.o
                0x00013234                module_status_set_u8
                0x00013244                module_status_isset_u8
                0x00013258                module_status_unset_u8
                0x00013268                module_status_clear_all_u8
                0x00013274                module_status_set_u16
                0x00013284                module_status_isset_u16
                0x00013298                module_status_unset_u16
                0x000132a8                module_status_clear_all_u16
                0x000132b4                module_status_set_u32
                0x000132c4                module_status_isset_u32
                0x000132d8                module_status_unset_u32
                0x000132e8                module_status_clear_all_u32
 .text          0x000132f4       0x78 obj/local_mutex.o
                0x000132f4                mutex_request
                0x00013324                mutex_release
                0x0001335c                mutex_is_requested
 .text          0x0001336c       0x8c obj/signal_slot_interface.o
                0x0001336c                signal_slot_init
                0x00013370                signal_slot_send
                0x000133c8                signal_slot_connect
 .text          0x000133f8      0x448 obj/common_tools_string.o
                0x000133f8                common_tools_hex_dump
                0x0001350c                common_tools_string_get_char_count
                0x00013554                common_tools_string_trim
                0x00013608                common_tools_string_split
                0x000136c4                common_tools_hex_string_to_byte_array
                0x0001378c                common_tools_byte_array_string_to_hex_string
 .text          0x00013840      0x15c obj/qeue_interface.o
                0x00013840                qeue_interface_init
                0x0001385c                qeue_interface_enqeue
                0x000138cc                qeue_interface_deqeue
                0x00013944                qeue_interface_is_empty
                0x00013954                qeue_interface_is_full
                0x0001396c                qeue_interface_mutex_get
                0x00013990                qeue_interface_mutex_release
 .text          0x0001399c       0x28 obj/system_interface.o
 .text          0x000139c4       0x24 obj/time_management.o
                0x000139c4                time_mgmnt_gettime_u8
                0x000139c8                time_mgmnt_gettime_u16
                0x000139cc                time_mgmnt_gettime_u32
                0x000139d0                time_mgmnt_istimeup_u8
                0x000139d4                time_mgmnt_istimeup_u16
                0x000139d8                time_mgmnt_istimeup_u32
                0x000139dc                time_mgmnt_elapsed_u8
                0x000139e0                time_mgmnt_elapsed_u16
                0x000139e4                time_mgmnt_elapsed_u32
 .text          0x000139e8      0x22c obj/mcu_task_controller.o
                0x000139e8                mcu_task_controller_init
                0x00013a00                mcu_task_controller_register_task
                0x00013a94                mcu_task_controller_schedule
                0x00013b54                mcu_task_controller_sleep
                0x00013b84                mcu_task_controller_wakeup
                0x00013bb4                mcu_task_controller_terminate_all
                0x00013be4                mcu_task_controller_background_run
 .text          0x00013c14       0x34 obj/mcu_idle_task.o
                0x00013c14                mcu_idle_task_init
                0x00013c18                mcu_idle_task_get_schedule_interval
                0x00013c20                mcu_idle_task_is_runable
                0x00013c28                mcu_idle_task_run
                0x00013c34                mcu_idle_task_background_run
                0x00013c38                mcu_idle_task_sleep
                0x00013c3c                mcu_idle_task_wakeup
                0x00013c40                mcu_idle_task_finish
                0x00013c44                mcu_idle_task_terminate
 .text          0x00013c48      0x474 obj/mqtt_interface.o
                0x00013c48                connectionLost_Callback
                0x00013c64                deliveryComplete_Callback
                0x00013c80                messageArrived_Callback
                0x00013d3c                mqtt_configure
                0x00013e1c                mqtt_init
                0x00013e90                mqtt_connect
                0x00013ef4                mqtt_disconnect
                0x00013f20                mqtt_send_next_message
                0x00013fd4                mqtt_msg_pending
                0x00013fec                mqtt_tx_msg_pending
                0x00014004                mqtt_connection_lost
                0x0001400c                mqtt_get_next_msg
                0x000140a8                mqtt_enqeue_message
                0x000140b4                mqtt_keep_alive
                0x000140b8                trace_Callback
 .text          0x000140bc      0x710 obj/mqtt_application.o
                0x00014140                __MQTT_HOST_RX_QEUE_init
                0x0001414c                __MQTT_HOST_TX_QEUE_init
                0x00014158                __MQTT_HOST_RX_QEUE_enqeue
                0x00014168                __MQTT_HOST_TX_QEUE_enqeue
                0x00014178                __MQTT_HOST_RX_QEUE_deqeue
                0x00014188                __MQTT_HOST_TX_QEUE_deqeue
                0x00014198                __MQTT_HOST_RX_QEUE_mutex_get
                0x000141a4                __MQTT_HOST_TX_QEUE_mutex_get
                0x000141b0                __MQTT_HOST_RX_QEUE_mutex_release
                0x000141bc                __MQTT_HOST_TX_QEUE_mutex_release
                0x000141c8                __MQTT_HOST_RX_QEUE_is_empty
                0x000141d4                __MQTT_HOST_TX_QEUE_is_empty
                0x000141e0                __MQTT_HOST_RX_QEUE_is_full
                0x000141ec                __MQTT_HOST_TX_QEUE_is_full
                0x00014208                MQTT_CONNECTION_ESTABLISHED_SIGNAL_init
                0x00014214                MQTT_CONNECTION_ESTABLISHED_SIGNAL_send
                0x00014224                MQTT_CONNECTION_ESTABLISHED_SIGNAL_set_timeout
                0x00014234                MQTT_CONNECTION_ESTABLISHED_SIGNAL_connect
                0x00014244                MQTT_CONNECTION_LOST_SIGNAL_init
                0x00014250                MQTT_CONNECTION_LOST_SIGNAL_send
                0x00014260                MQTT_CONNECTION_LOST_SIGNAL_set_timeout
                0x00014270                MQTT_CONNECTION_LOST_SIGNAL_connect
                0x00014280                MQTT_MESSAGE_RECEIVED_SIGNAL_init
                0x0001428c                MQTT_MESSAGE_RECEIVED_SIGNAL_send
                0x0001429c                MQTT_MESSAGE_RECEIVED_SIGNAL_set_timeout
                0x000142ac                MQTT_MESSAGE_RECEIVED_SIGNAL_connect
                0x000142bc                MQTT_MESSAGE_TO_SEND_SIGNAL_init
                0x000142c8                MQTT_MESSAGE_TO_SEND_SIGNAL_send
                0x000142d8                MQTT_MESSAGE_TO_SEND_SIGNAL_set_timeout
                0x000142e8                MQTT_MESSAGE_TO_SEND_SIGNAL_connect
                0x000142f8                MQTT_MESSAGE_SEND_FAILED_SIGNAL_init
                0x00014304                MQTT_MESSAGE_SEND_FAILED_SIGNAL_send
                0x00014314                MQTT_MESSAGE_SEND_FAILED_SIGNAL_set_timeout
                0x00014324                MQTT_MESSAGE_SEND_FAILED_SIGNAL_connect
                0x00014334                MQTT_MESSAGE_SEND_SUCCEED_SIGNAL_init
                0x00014340                MQTT_MESSAGE_SEND_SUCCEED_SIGNAL_send
                0x00014350                MQTT_MESSAGE_SEND_SUCCEED_SIGNAL_set_timeout
                0x00014360                MQTT_MESSAGE_SEND_SUCCEED_SIGNAL_connect
                0x00014370                MQTT_NEW_CFG_OBJECT_SLOT_connect
                0x00014388                MQTT_CFG_COMPLETE_SLOT_connect
                0x000143a0                MQTT_MESSAGE_TO_SEND_SLOT_connect
                0x000143b8                MQTT_HOST_configure
                0x00014474                MQTT_HOST_init
                0x00014480                MQTT_HOST_connect
                0x0001448c                MQTT_HOST_send_next_message
                0x00014498                MQTT_HOST_delivery_complete
                0x000144b0                MQTT_HOST_connection_lost
                0x000144bc                MQTT_HOST_is_initialized
                0x000144d4                MQTT_HOST_msg_pending
                0x000144e0                MQTT_HOST_tx_msg_pending
                0x00014550                MQTT_HOST_get_msg
                0x000145b4                MQTT_HOST_disconnect
                0x0001474c                MQTT_HOST_enqeue_message
                0x00014768                mqtt_interface_init
 *fill*         0x000147cc        0x4 
 .text          0x000147d0      0x148 obj/rtc_driver_raspberrypi.o
                0x000147d0                rtc_driver_init
                0x000147d4                rtc_driver_deinit
                0x000147d8                local_rtc_timer_gettime_u32
                0x00014840                local_rtc_timer_gettime_u8
                0x00014850                local_rtc_timer_gettime_u16
                0x00014860                local_rtc_timer_istimeup_u8
                0x00014888                local_rtc_timer_istimeup_u16
                0x000148b0                local_rtc_timer_istimeup_u32
                0x000148d4                rtc_timer_elapsed_u8
                0x000148ec                rtc_timer_elapsed_u16
                0x00014904                rtc_timer_elapsed_u32
 .text          0x00014918        0x4 obj/clock_driver_raspberrypi.o
                0x00014918                clock_driver_init
 .text          0x0001491c      0x368 obj/gpio_driver_raspberrypi.o
                0x00014a4c                gpio_driver_set_direction
                0x00014a68                gpio_driver_set_level
                0x00014aac                gpio_driver_init_pin
                0x00014aec                gpio_driver_init
                0x00014c20                gpio_driver_get_level
                0x00014c54                gpio_driver_toggle_level
                0x00014c80                gpio_driver_print_pin_state
 .text          0x00014c84       0x30 obj/ui_console.o
                0x00014c84                console_write_line
                0x00014c88                console_write_string
                0x00014c9c                console_new_line
                0x00014ca4                console_hex_dump
 .text          0x00014cb4      0x2e0 obj/ui_lcd_16x2.o
                0x00014d3c                lcd_write_char
                0x00014d64                lcd_init
                0x00014e64                lcd_deinit
                0x00014e78                lcd_set_enabled
                0x00014e90                lcd_write_line
 .text          0x00014f94      0x384 obj/cfg_file_parser.o
                0x00014f94                cfg_file_parser_task_init
                0x0001500c                cfg_file_parser_task_terminate
                0x00015010                cfg_file_parser_task_finish
                0x00015014                cfg_file_parser_task_get_schedule_interval
                0x00015038                cfg_file_parser_task_get_state
                0x0001505c                CFG_PARSER_CFG_COMPLETE_SIGNAL_init
                0x00015068                CFG_PARSER_CFG_COMPLETE_SIGNAL_send
                0x00015078                CFG_PARSER_CFG_COMPLETE_SIGNAL_set_timeout
                0x00015088                CFG_PARSER_CFG_COMPLETE_SIGNAL_connect
                0x00015098                CFG_PARSER_NEW_CFG_OBJECT_SIGNAL_init
                0x000150a4                CFG_PARSER_NEW_CFG_OBJECT_SIGNAL_send
                0x000150b4                CFG_PARSER_NEW_CFG_OBJECT_SIGNAL_set_timeout
                0x000150c4                CFG_PARSER_NEW_CFG_OBJECT_SIGNAL_connect
                0x000150d4                CFG_PARSER_CFG_FILE_SLOT_connect
                0x000150ec                CFG_FILE_open
                0x00015110                CFG_FILE_close
                0x0001511c                CFG_FILE_has_changed
                0x00015128                CFG_FILE_is_existing
                0x0001512c                CFG_FILE_is_readable
                0x00015138                CFG_FILE_get_size
                0x00015144                CFG_FILE_create
                0x00015150                CFG_FILE_delete
                0x0001515c                CFG_FILE_rename
                0x0001516c                CFG_FILE_read_next_line
                0x00015228                cfg_file_parser_task_run
                0x000152b8                CFG_FILE_read_line
                0x000152cc                CFG_FILE_append_line
                0x000152dc                cfg_file_parser_init
                0x0001530c                cfg_file_parser_task_background_run
                0x00015310                cfg_file_parser_task_sleep
                0x00015314                cfg_file_parser_task_wakeup
 .text          0x00015318      0x294 obj/file_interface.o
                0x00015318                file_set_path
                0x0001534c                file_has_changed
                0x00015384                file_is_existing
                0x000153a4                file_is_readable
                0x000153ac                file_get_size
                0x000153d0                file_delete
                0x000153e0                file_rename
                0x000153f0                file_close
                0x00015418                file_create
                0x00015448                file_open
                0x00015474                file_read_line
                0x000154e8                file_read_next_line
                0x000154f8                file_read_specific_line
                0x0001554c                file_append_line
 .text          0x000155ac      0x248 obj/command_line_argument_table.o
                0x000155ac                CLI_INVALID_ARGUMENT_SIGNAL_init
                0x000155b8                CLI_INVALID_ARGUMENT_SIGNAL_send
                0x000155c8                CLI_INVALID_ARGUMENT_SIGNAL_set_timeout
                0x000155d8                CLI_INVALID_ARGUMENT_SIGNAL_connect
                0x000155e8                CLI_INVALID_PARAMETER_SIGNAL_init
                0x000155f4                CLI_INVALID_PARAMETER_SIGNAL_send
                0x00015604                CLI_INVALID_PARAMETER_SIGNAL_set_timeout
                0x00015614                CLI_INVALID_PARAMETER_SIGNAL_connect
                0x00015624                CLI_HELP_REQUESTED_SIGNAL_init
                0x00015630                CLI_HELP_REQUESTED_SIGNAL_send
                0x00015640                CLI_HELP_REQUESTED_SIGNAL_set_timeout
                0x00015650                CLI_HELP_REQUESTED_SIGNAL_connect
                0x00015660                CLI_LCD_ACTIVATED_SIGNAL_init
                0x0001566c                CLI_LCD_ACTIVATED_SIGNAL_send
                0x0001567c                CLI_LCD_ACTIVATED_SIGNAL_set_timeout
                0x0001568c                CLI_LCD_ACTIVATED_SIGNAL_connect
                0x0001569c                CLI_CONFIGURATION_SIGNAL_init
                0x000156a8                CLI_CONFIGURATION_SIGNAL_send
                0x000156b8                CLI_CONFIGURATION_SIGNAL_set_timeout
                0x000156c8                CLI_CONFIGURATION_SIGNAL_connect
                0x000156d8                CLI_MESSAGE_SIGNAL_init
                0x000156e4                CLI_MESSAGE_SIGNAL_send
                0x000156f4                CLI_MESSAGE_SIGNAL_set_timeout
                0x00015704                CLI_MESSAGE_SIGNAL_connect
                0x00015714                command_line_interface_init
                0x00015730                command_line_interface
 .text          0x000157f4      0x248 obj/command_line_handler.o
                0x000157f4                command_line_handler_device
                0x000157f8                command_line_handler_cfg_file
                0x000157fc                command_line_handler_lcd
                0x00015804                command_line_handler_command
                0x00015840                command_line_handler_controller
                0x00015844                command_line_handler_help
                0x0001584c                command_line_handler_topic
                0x000158e8                command_line_handler_host
                0x0001597c                command_line_handler_client
                0x00015a38                command_line_handler_message
 .text          0x00015a3c        0x4 obj/sensor_initialization.o
                0x00015a3c                sensor_initialization
 .text          0x00015a40        0x4 obj/button_initialization.o
                0x00015a40                button_initialization
 .text          0x00015a44        0x4 obj/output_initialization.o
                0x00015a44                output_initialization
 .text          0x00015a48        0x4 obj/protocol_initialization.o
                0x00015a48                protocol_initialization
 .text          0x00015a4c        0x4 obj/command_initialization.o
                0x00015a4c                command_initialization
 .text          0x00015a50        0x4 obj/task_initialization.o
                0x00015a50                task_initialization
 .text          0x00015a54       0x14 obj/system_initialization.o
                0x00015a54                system_initialization
 .text          0x00015a68        0x4 obj/power_initialization.o
                0x00015a68                power_initialization
 .text          0x00015a6c       0x30 obj/initialization.o
                0x00015a6c                initialization
 .text          0x00015a9c       0x64 //usr/lib/arm-linux-gnueabihf/libc_nonshared.a(elf-init.oS)
                0x00015a9c                __libc_csu_init
                0x00015afc                __libc_csu_fini
 .text          0x00015b00       0x10 //usr/lib/arm-linux-gnueabihf/libc_nonshared.a(stat.oS)
                0x00015b00                __stat
                0x00015b00                stat
 *(.gnu.warning)
 *(.glue_7t)
 .glue_7t       0x00015b10        0x0 linker stubs
 *(.glue_7)
 .glue_7        0x00015b10        0x0 linker stubs
 *(.vfp11_veneer)
 .vfp11_veneer  0x00015b10        0x0 linker stubs
 *(.v4_bx)
 .v4_bx         0x00015b10        0x0 linker stubs

.fini           0x00015b10        0x8
 *(SORT_NONE(.fini))
 .fini          0x00015b10        0x4 /usr/lib/gcc/arm-linux-gnueabihf/8/../../../arm-linux-gnueabihf/crti.o
                0x00015b10                _fini
 .fini          0x00015b14        0x4 /usr/lib/gcc/arm-linux-gnueabihf/8/../../../arm-linux-gnueabihf/crtn.o
                [!provide]                PROVIDE (__etext = .)
                [!provide]                PROVIDE (_etext = .)
                [!provide]                PROVIDE (etext = .)

.rodata         0x00015b18      0x865
 *(.rodata .rodata.* .gnu.linkonce.r.*)
 .rodata.str1.1
                0x00015b18      0x328 obj/main_mqtt_helper.o
 .rodata        0x00015e40       0x4e obj/board_RASPBERRYPI.o
                0x00015e40                I2C_SDA
                0x00015e43                I2C_SCL
                0x00015e46                GPIO04
                0x00015e49                UART_TXD
                0x00015e4c                UART_RXD
                0x00015e4f                GPIO17
                0x00015e52                GPIO18
                0x00015e55                GPIO27
                0x00015e58                GPIO22
                0x00015e5b                GPIO23
                0x00015e5e                GPIO24
                0x00015e61                SPI_MOSI
                0x00015e64                SPI_MISO
                0x00015e67                GPIO25
                0x00015e6a                SPI_SCLK
                0x00015e6d                SPI_CE0
                0x00015e70                SPI_CE1
                0x00015e73                GPIO05
                0x00015e76                GPIO06
                0x00015e79                GPIO12
                0x00015e7c                GPIO13
                0x00015e7f                GPIO19
                0x00015e82                GPIO16
                0x00015e85                GPIO26
                0x00015e88                GPIO20
                0x00015e8b                GPIO21
 .rodata.str1.1
                0x00015e8e       0x15 obj/common_tools_string.o
                                 0x1a (size before relaxing)
 *fill*         0x00015ea3        0x1 
 .rodata        0x00015ea4       0x44 obj/system_interface.o
                0x00015ea4                i_system
 .rodata        0x00015ee8       0x84 obj/mqtt_interface.o
 .rodata.str1.1
                0x00015f6c       0x69 obj/mqtt_application.o
 .rodata.str1.1
                0x00015fd5        0x7 obj/ui_console.o
 .rodata.str1.1
                0x00015fdc        0x9 obj/file_interface.o
                                  0xb (size before relaxing)
 *fill*         0x00015fe5        0x3 
 .rodata        0x00015fe8       0x58 obj/command_line_argument_table.o
 .rodata.str1.1
                0x00016040       0x40 obj/command_line_argument_table.o
 .rodata        0x00016080      0x2fd obj/command_line_handler.o
 .rodata.str1.1
                0x0001637d        0x5 obj/command_line_handler.o

.rodata1
 *(.rodata1)

.ARM.extab
 *(.ARM.extab* .gnu.linkonce.armextab.*)
                [!provide]                PROVIDE (__exidx_start = .)

.ARM.exidx      0x00016380        0x8
 *(.ARM.exidx* .gnu.linkonce.armexidx.*)
 .ARM.exidx     0x00016380        0x8 /usr/lib/gcc/arm-linux-gnueabihf/8/../../../arm-linux-gnueabihf/crt1.o
                [!provide]                PROVIDE (__exidx_end = .)

.eh_frame_hdr
 *(.eh_frame_hdr)
 *(.eh_frame_entry .eh_frame_entry.*)

.eh_frame       0x00016388        0x4
 *(.eh_frame)
 .eh_frame      0x00016388        0x4 /usr/lib/gcc/arm-linux-gnueabihf/8/crtend.o
 *(.eh_frame.*)

.gcc_except_table
 *(.gcc_except_table .gcc_except_table.*)

.gnu_extab
 *(.gnu_extab*)

.exception_ranges
 *(.exception_ranges .exception_ranges*)
                0x00026ef8                . = DATA_SEGMENT_ALIGN (CONSTANT (MAXPAGESIZE), CONSTANT (COMMONPAGESIZE))

.eh_frame
 *(.eh_frame)
 *(.eh_frame.*)

.gnu_extab
 *(.gnu_extab)

.gcc_except_table
 *(.gcc_except_table .gcc_except_table.*)

.exception_ranges
 *(.exception_ranges .exception_ranges*)

.tdata          0x00026ef8        0x0
                [!provide]                PROVIDE (__tdata_start = .)
 *(.tdata .tdata.* .gnu.linkonce.td.*)

.tbss
 *(.tbss .tbss.* .gnu.linkonce.tb.*)
 *(.tcommon)

.preinit_array  0x00026ef8        0x0
                [!provide]                PROVIDE (__preinit_array_start = .)
 *(.preinit_array)
                [!provide]                PROVIDE (__preinit_array_end = .)

.init_array     0x00026ef8        0x4
                0x00026ef8                PROVIDE (__init_array_start = .)
 *(SORT_BY_INIT_PRIORITY(.init_array.*) SORT_BY_INIT_PRIORITY(.ctors.*))
 *(.init_array EXCLUDE_FILE(*crtend?.o *crtend.o *crtbegin?.o *crtbegin.o) .ctors)
 .init_array    0x00026ef8        0x4 /usr/lib/gcc/arm-linux-gnueabihf/8/crtbegin.o
                0x00026efc                PROVIDE (__init_array_end = .)

.fini_array     0x00026efc        0x4
                [!provide]                PROVIDE (__fini_array_start = .)
 *(SORT_BY_INIT_PRIORITY(.fini_array.*) SORT_BY_INIT_PRIORITY(.dtors.*))
 *(.fini_array EXCLUDE_FILE(*crtend?.o *crtend.o *crtbegin?.o *crtbegin.o) .dtors)
 .fini_array    0x00026efc        0x4 /usr/lib/gcc/arm-linux-gnueabihf/8/crtbegin.o
                [!provide]                PROVIDE (__fini_array_end = .)

.ctors
 *crtbegin.o(.ctors)
 *crtbegin?.o(.ctors)
 *(EXCLUDE_FILE(*crtend?.o *crtend.o) .ctors)
 *(SORT_BY_NAME(.ctors.*))
 *(.ctors)

.dtors
 *crtbegin.o(.dtors)
 *crtbegin?.o(.dtors)
 *(EXCLUDE_FILE(*crtend?.o *crtend.o) .dtors)
 *(SORT_BY_NAME(.dtors.*))
 *(.dtors)

.jcr
 *(.jcr)

.data.rel.ro    0x00026f00        0x0
 *(.data.rel.ro.local* .gnu.linkonce.d.rel.ro.local.*)
 *(.data.rel.ro .data.rel.ro.* .gnu.linkonce.d.rel.ro.*)
 .data.rel.ro   0x00026f00        0x0 /usr/lib/gcc/arm-linux-gnueabihf/8/../../../arm-linux-gnueabihf/crt1.o

.dynamic        0x00026f00      0x100
 *(.dynamic)
 .dynamic       0x00026f00      0x100 /usr/lib/gcc/arm-linux-gnueabihf/8/../../../arm-linux-gnueabihf/crt1.o
                0x00026f00                _DYNAMIC
                0x00027000                . = DATA_SEGMENT_RELRO_END (., 0x0)

.got            0x00027000       0xa4
 *(.got.plt)
 .got.plt       0x00027000       0xa0 /usr/lib/gcc/arm-linux-gnueabihf/8/../../../arm-linux-gnueabihf/crt1.o
                0x00027000                _GLOBAL_OFFSET_TABLE_
 *(.igot.plt)
 .igot.plt      0x000270a0        0x0 /usr/lib/gcc/arm-linux-gnueabihf/8/../../../arm-linux-gnueabihf/crt1.o
 *(.got)
 .got           0x000270a0        0x4 /usr/lib/gcc/arm-linux-gnueabihf/8/../../../arm-linux-gnueabihf/crt1.o
 *(.igot)

.data           0x000270a4      0x62c
                [!provide]                PROVIDE (__data_start = .)
 *(.data .data.* .gnu.linkonce.d.*)
 .data          0x000270a4       0x68 obj/board_RASPBERRYPI.o
                0x000270a4                p_pin_GPIO_PORT_E_GPIO_PIN_7
                0x000270a8                p_pin_GPIO_PORT_E_GPIO_PIN_5
                0x000270ac                p_pin_GPIO_PORT_E_GPIO_PIN_4
                0x000270b0                p_pin_GPIO_PORT_E_GPIO_PIN_3
                0x000270b4                p_pin_GPIO_PORT_E_GPIO_PIN_2
                0x000270b8                p_pin_GPIO_PORT_E_GPIO_PIN_0
                0x000270bc                p_pin_GPIO_PORT_D_GPIO_PIN_7
                0x000270c0                p_pin_GPIO_PORT_D_GPIO_PIN_6
                0x000270c4                p_pin_GPIO_PORT_D_GPIO_PIN_4
                0x000270c8                p_pin_GPIO_PORT_D_GPIO_PIN_1
                0x000270cc                p_pin_GPIO_PORT_C_GPIO_PIN_7
                0x000270d0                p_pin_GPIO_PORT_C_GPIO_PIN_6
                0x000270d4                p_pin_GPIO_PORT_C_GPIO_PIN_5
                0x000270d8                p_pin_GPIO_PORT_C_GPIO_PIN_4
                0x000270dc                p_pin_GPIO_PORT_C_GPIO_PIN_2
                0x000270e0                p_pin_GPIO_PORT_C_GPIO_PIN_1
                0x000270e4                p_pin_GPIO_PORT_B_GPIO_PIN_7
                0x000270e8                p_pin_GPIO_PORT_B_GPIO_PIN_6
                0x000270ec                p_pin_GPIO_PORT_B_GPIO_PIN_4
                0x000270f0                p_pin_GPIO_PORT_B_GPIO_PIN_3
                0x000270f4                p_pin_GPIO_PORT_B_GPIO_PIN_2
                0x000270f8                p_pin_GPIO_PORT_B_GPIO_PIN_1
                0x000270fc                p_pin_GPIO_PORT_A_GPIO_PIN_7
                0x00027100                p_pin_GPIO_PORT_A_GPIO_PIN_6
                0x00027104                p_pin_GPIO_PORT_A_GPIO_PIN_4
                0x00027108                p_pin_GPIO_PORT_A_GPIO_PIN_2
 .data          0x0002710c        0x8 obj/mcu_task_controller.o
 .data          0x00027114      0x54c obj/mqtt_application.o
 .data          0x00027660       0x40 obj/cfg_file_parser.o
 .data          0x000276a0       0x30 obj/command_line_argument_table.o

.tm_clone_table
                0x000276d0        0x0
 .tm_clone_table
                0x000276d0        0x0 /usr/lib/gcc/arm-linux-gnueabihf/8/crtbegin.o
 .tm_clone_table
                0x000276d0        0x0 /usr/lib/gcc/arm-linux-gnueabihf/8/crtend.o

.data1
 *(.data1)
                0x000276d0                _edata = .
                [!provide]                PROVIDE (edata = .)
                0x000276d0                . = .
                0x000276d0                __bss_start = .
                0x000276d0                __bss_start__ = .

.bss            0x000276d0     0x18a4
 *(.dynbss)
 .dynbss        0x000276d0        0x0 /usr/lib/gcc/arm-linux-gnueabihf/8/../../../arm-linux-gnueabihf/crt1.o
 *(.bss .bss.* .gnu.linkonce.b.*)
 .bss           0x000276d0        0x1 /usr/lib/gcc/arm-linux-gnueabihf/8/crtbegin.o
 *fill*         0x000276d1        0x3 
 .bss           0x000276d4      0x14c obj/main_mqtt_helper.o
 .bss           0x00027820        0x8 obj/mcu_task_controller.o
 .bss           0x00027828       0xff obj/mqtt_interface.o
 *fill*         0x00027927        0x1 
 .bss           0x00027928     0x140c obj/mqtt_application.o
 .bss           0x00028d34       0x24 obj/ui_lcd_16x2.o
 .bss           0x00028d58      0x21c obj/cfg_file_parser.o
 *(COMMON)
                0x00028f74                . = ALIGN ((. != 0x0)?0x4:0x1)
                0x00028f74                _bss_end__ = .
                0x00028f74                __bss_end__ = .
                0x00028f74                . = ALIGN (0x4)
                0x00028f74                . = SEGMENT_START ("ldata-segment", .)
                0x00028f74                . = ALIGN (0x4)
                0x00028f74                __end__ = .
                0x00028f74                _end = .
                [!provide]                PROVIDE (end = .)
                0x00028f74                . = DATA_SEGMENT_END (.)

.stab
 *(.stab)

.stabstr
 *(.stabstr)

.stab.excl
 *(.stab.excl)

.stab.exclstr
 *(.stab.exclstr)

.stab.index
 *(.stab.index)

.stab.indexstr
 *(.stab.indexstr)

.comment        0x00000000       0x23
 *(.comment)
 .comment       0x00000000       0x23 /usr/lib/gcc/arm-linux-gnueabihf/8/crtbegin.o
                                 0x24 (size before relaxing)
 .comment       0x00000023       0x24 obj/main_mqtt_helper.o
 .comment       0x00000023       0x24 obj/board_RASPBERRYPI.o
 .comment       0x00000023       0x24 obj/local_module_status.o
 .comment       0x00000023       0x24 obj/local_mutex.o
 .comment       0x00000023       0x24 obj/signal_slot_interface.o
 .comment       0x00000023       0x24 obj/common_tools_string.o
 .comment       0x00000023       0x24 obj/qeue_interface.o
 .comment       0x00000023       0x24 obj/system_interface.o
 .comment       0x00000023       0x24 obj/time_management.o
 .comment       0x00000023       0x24 obj/mcu_task_controller.o
 .comment       0x00000023       0x24 obj/mcu_idle_task.o
 .comment       0x00000023       0x24 obj/mqtt_interface.o
 .comment       0x00000023       0x24 obj/mqtt_application.o
 .comment       0x00000023       0x24 obj/rtc_driver_raspberrypi.o
 .comment       0x00000023       0x24 obj/clock_driver_raspberrypi.o
 .comment       0x00000023       0x24 obj/gpio_driver_raspberrypi.o
 .comment       0x00000023       0x24 obj/ui_console.o
 .comment       0x00000023       0x24 obj/ui_lcd_16x2.o
 .comment       0x00000023       0x24 obj/cfg_file_parser.o
 .comment       0x00000023       0x24 obj/file_interface.o
 .comment       0x00000023       0x24 obj/command_line_argument_table.o
 .comment       0x00000023       0x24 obj/command_line_handler.o
 .comment       0x00000023       0x24 obj/sensor_initialization.o
 .comment       0x00000023       0x24 obj/button_initialization.o
 .comment       0x00000023       0x24 obj/output_initialization.o
 .comment       0x00000023       0x24 obj/protocol_initialization.o
 .comment       0x00000023       0x24 obj/command_initialization.o
 .comment       0x00000023       0x24 obj/task_initialization.o
 .comment       0x00000023       0x24 obj/system_initialization.o
 .comment       0x00000023       0x24 obj/power_initialization.o
 .comment       0x00000023       0x24 obj/initialization.o
 .comment       0x00000023       0x24 /usr/lib/gcc/arm-linux-gnueabihf/8/crtend.o

.ARM.attributes
                0x00000000       0x2f
 .ARM.attributes
                0x00000000       0x2f /usr/lib/gcc/arm-linux-gnueabihf/8/../../../arm-linux-gnueabihf/crt1.o
 .ARM.attributes
                0x0000002f       0x23 /usr/lib/gcc/arm-linux-gnueabihf/8/../../../arm-linux-gnueabihf/crti.o
 .ARM.attributes
                0x00000052       0x2f /usr/lib/gcc/arm-linux-gnueabihf/8/crtbegin.o
 .ARM.attributes
                0x00000081       0x2f obj/main_mqtt_helper.o
 .ARM.attributes
                0x000000b0       0x2f obj/board_RASPBERRYPI.o
 .ARM.attributes
                0x000000df       0x2f obj/local_module_status.o
 .ARM.attributes
                0x0000010e       0x2f obj/local_mutex.o
 .ARM.attributes
                0x0000013d       0x2f obj/signal_slot_interface.o
 .ARM.attributes
                0x0000016c       0x2f obj/common_tools_string.o
 .ARM.attributes
                0x0000019b       0x2f obj/qeue_interface.o
 .ARM.attributes
                0x000001ca       0x2f obj/system_interface.o
 .ARM.attributes
                0x000001f9       0x2f obj/time_management.o
 .ARM.attributes
                0x00000228       0x2f obj/mcu_task_controller.o
 .ARM.attributes
                0x00000257       0x2f obj/mcu_idle_task.o
 .ARM.attributes
                0x00000286       0x2f obj/mqtt_interface.o
 .ARM.attributes
                0x000002b5       0x2f obj/mqtt_application.o
 .ARM.attributes
                0x000002e4       0x2f obj/rtc_driver_raspberrypi.o
 .ARM.attributes
                0x00000313       0x2f obj/clock_driver_raspberrypi.o
 .ARM.attributes
                0x00000342       0x2f obj/gpio_driver_raspberrypi.o
 .ARM.attributes
                0x00000371       0x2f obj/ui_console.o
 .ARM.attributes
                0x000003a0       0x2f obj/ui_lcd_16x2.o
 .ARM.attributes
                0x000003cf       0x2f obj/cfg_file_parser.o
 .ARM.attributes
                0x000003fe       0x2f obj/file_interface.o
 .ARM.attributes
                0x0000042d       0x2f obj/command_line_argument_table.o
 .ARM.attributes
                0x0000045c       0x2f obj/command_line_handler.o
 .ARM.attributes
                0x0000048b       0x2f obj/sensor_initialization.o
 .ARM.attributes
                0x000004ba       0x2f obj/button_initialization.o
 .ARM.attributes
                0x000004e9       0x2f obj/output_initialization.o
 .ARM.attributes
                0x00000518       0x2f obj/protocol_initialization.o
 .ARM.attributes
                0x00000547       0x2f obj/command_initialization.o
 .ARM.attributes
                0x00000576       0x2f obj/task_initialization.o
 .ARM.attributes
                0x000005a5       0x2f obj/system_initialization.o
 .ARM.attributes
                0x000005d4       0x2f obj/power_initialization.o
 .ARM.attributes
                0x00000603       0x2f obj/initialization.o
 .ARM.attributes
                0x00000632       0x31 //usr/lib/arm-linux-gnueabihf/libc_nonshared.a(elf-init.oS)
 .ARM.attributes
                0x00000663       0x31 //usr/lib/arm-linux-gnueabihf/libc_nonshared.a(stat.oS)
 .ARM.attributes
                0x00000694       0x2f /usr/lib/gcc/arm-linux-gnueabihf/8/crtend.o
 .ARM.attributes
                0x000006c3       0x23 /usr/lib/gcc/arm-linux-gnueabihf/8/../../../arm-linux-gnueabihf/crtn.o

.debug
 *(.debug)

.line
 *(.line)

.debug_srcinfo
 *(.debug_srcinfo)

.debug_sfnames
 *(.debug_sfnames)

.debug_aranges
 *(.debug_aranges)

.debug_pubnames
 *(.debug_pubnames)

.debug_info
 *(.debug_info .gnu.linkonce.wi.*)

.debug_abbrev
 *(.debug_abbrev)

.debug_line
 *(.debug_line .debug_line.* .debug_line_end)

.debug_frame
 *(.debug_frame)

.debug_str
 *(.debug_str)

.debug_loc
 *(.debug_loc)

.debug_macinfo
 *(.debug_macinfo)

.debug_weaknames
 *(.debug_weaknames)

.debug_funcnames
 *(.debug_funcnames)

.debug_typenames
 *(.debug_typenames)

.debug_varnames
 *(.debug_varnames)

.debug_pubtypes
 *(.debug_pubtypes)

.debug_ranges
 *(.debug_ranges)

.debug_macro
 *(.debug_macro)

.debug_addr
 *(.debug_addr)

.gnu.attributes
 *(.gnu.attributes)

.note.gnu.arm.ident
 *(.note.gnu.arm.ident)

/DISCARD/
 *(.note.GNU-stack)
 *(.gnu_debuglink)
 *(.gnu.lto_*)
OUTPUT(obj/mqttHelper.elf elf32-littlearm)
